[2026-04-16 16:10:45] [INFO] Lock acquired (PID: 1676)
[2026-04-16 16:10:45] [INFO] Creating new database: ./engine.db
[2026-04-16 16:10:45] [INFO] Lock released
[2026-04-16 16:10:45] [INFO] Engine stopped
[2026-04-16 16:10:54] [INFO] Lock acquired (PID: 1688)
[2026-04-16 16:10:54] [INFO] Creating new database: ./engine.db
[2026-04-16 16:10:54] [INFO] Lock released
[2026-04-16 16:10:54] [INFO] Engine stopped
[2026-04-16 16:51:48] [INFO] Lock acquired (PID: 1950)
[2026-04-16 16:51:48] [INFO] Creating new database: ./engine.db
[2026-04-16 16:51:48] [INFO] Lock released
[2026-04-16 16:51:48] [INFO] Engine stopped
[2026-04-16 17:07:48] [INFO] Lock acquired (PID: 2062)
[2026-04-16 17:07:48] [INFO] Creating new database: ./engine.db
[2026-04-16 17:07:48] [INFO] Lock released
[2026-04-16 17:07:48] [INFO] Engine stopped
[2026-04-16 17:12:26] [INFO] Lock acquired (PID: 2101)
[2026-04-16 17:12:26] [INFO] Creating new database: ./engine.db
[2026-04-16 17:12:26] [INFO] Lock released
[2026-04-16 17:12:26] [INFO] Engine stopped
[2026-04-16 17:12:49] [INFO] Lock acquired (PID: 2115)
[2026-04-16 17:12:49] [INFO] Creating new database: ./engine.db
[2026-04-16 17:12:49] [INFO] Lock released
[2026-04-16 17:12:49] [INFO] Engine stopped
[2026-04-16 17:16:34] [INFO] Lock acquired (PID: 2224)
[2026-04-16 17:16:34] [INFO] Creating new database: ./engine.db
[2026-04-16 17:16:34] [INFO] Database initialized successfully
[2026-04-16 17:16:34] [INFO] Checking for pending commands...
[2026-04-16 17:16:34] [INFO] No pending commands found
[2026-04-16 17:16:34] [INFO] Engine cycle completed
[2026-04-16 17:16:34] [INFO] Lock released
[2026-04-16 17:16:34] [INFO] Engine stopped
