=== Script Engine Execution Log - 2026-04-20 03:29:47.529435 ===

[2026-04-20 03:29:47] ID=1 Status=done ExitCode=0 Command=echo 'Command 1: System Information'
[2026-04-20 03:29:47] ID=2 Status=done ExitCode=0 Command=uname -a
[2026-04-20 03:29:47] ID=3 Status=done ExitCode=0 Command=echo 'Command 2: Current Date'
[2026-04-20 03:29:47] ID=4 Status=done ExitCode=0 Command=date '+%Y-%m-%d %H:%M:%S'
[2026-04-20 03:29:47] ID=5 Status=done ExitCode=0 Command=echo 'Command 3: Current User'
[2026-04-20 03:29:47] ID=6 Status=done ExitCode=0 Command=whoami
[2026-04-20 03:29:47] ID=7 Status=done ExitCode=0 Command=echo 'Command 4: Working Directory'
[2026-04-20 03:29:47] ID=8 Status=done ExitCode=0 Command=pwd
[2026-04-20 03:29:47] ID=9 Status=done ExitCode=0 Command=echo 'Command 5: List Files'
[2026-04-20 03:29:47] ID=10 Status=done ExitCode=0 Command=ls -la /tmp | head -5
[2026-04-20 03:29:47] ID=11 Status=done ExitCode=0 Command=echo 'Command 6: Environment'
[2026-04-20 03:29:47] ID=12 Status=done ExitCode=0 Command=env | head -5
[2026-04-20 03:29:47] ID=13 Status=error ExitCode=2 Command=ls /this/directory/does/not/exist
[2026-04-20 03:29:47] ID=14 Status=error ExitCode=1 Command=cat /root/secret/file.txt
[2026-04-20 03:29:47] ID=15 Status=error ExitCode=127 Command=invalid_command_that_does_not_exist
[2026-04-20 03:29:47] ID=16 Status=error ExitCode=2 Command=grep --invalid-option-xyz file.txt
[2026-04-20 03:29:47] ID=17 Status=error ExitCode=1 Command=chmod 9999 file.txt
[2026-04-20 03:29:47] ID=18 Status=error ExitCode=2 Command=cd /nonexistent && pwd
[2026-04-20 03:29:47] ID=19 Status=error ExitCode=127 Command=echo 'Test' | invalid_pipe_command
[2026-04-20 03:29:47] ID=20 Status=error ExitCode=1 Command=rm -rf /
[2026-04-20 17:54:23] [INFO] Lock acquired (PID: 15766)
[2026-04-20 17:54:23] [INFO] Database already exists: ./engine.db
[2026-04-20 17:54:23] [INFO] Database initialized successfully
[2026-04-20 17:54:23] [INFO] Checking for pending commands...
[2026-04-20 17:54:23] [INFO] No pending commands found
[2026-04-20 17:54:23] [INFO] Engine cycle completed
[2026-04-20 17:54:23] [INFO] Lock released
[2026-04-20 17:54:23] [INFO] Engine stopped
